#
# There is insufficient memory for the Java Runtime Environment to continue.
# Native memory allocation (malloc) failed to allocate 1026176 bytes for Chunk::new
# Possible reasons:
#   The system is out of physical RAM or swap space
#   The process is running with CompressedOops enabled, and the Java Heap may be blocking the growth of the native heap
# Possible solutions:
#   Reduce memory load on the system
#   Increase physical memory or swap space
#   Check if swap backing store is full
#   Decrease Java heap size (-Xmx/-Xms)
#   Decrease number of Java threads
#   Decrease Java thread stack sizes (-Xss)
#   Set larger code cache with -XX:ReservedCodeCacheSize=
#   JVM is running with Unscaled Compressed Oops mode in which the Java heap is
#     placed in the first 4GB address space. The Java Heap base address is the
#     maximum limit for the native heap growth. Please use -XX:HeapBaseMinAddress
#     to set the Java Heap base and to place the Java Heap above 4GB virtual address.
# This output file may be truncated or incomplete.
#
#  Out of Memory Error (arena.cpp:189), pid=5412, tid=21664
#
# JRE version: Java(TM) SE Runtime Environment (17.0.12+8) (build 17.0.12+8-LTS-286)
# Java VM: Java HotSpot(TM) 64-Bit Server VM (17.0.12+8-LTS-286, mixed mode, sharing, tiered, compressed oops, compressed class ptrs, g1 gc, windows-amd64)
# No core dump will be written. Minidumps are not enabled by default on client versions of Windows
#

---------------  S U M M A R Y ------------

Command Line: -XX:+ShowCodeDetailsInExceptionMessages com.incidents.ms5.notifications.NotificationsApplication

Host: 11th Gen Intel(R) Core(TM) i5-1135G7 @ 2.40GHz, 8 cores, 3G,  Windows 11 , 64 bit Build 22621 (10.0.22621.5415)
Time: Sun Apr 12 18:35:10 2026 Maroc elapsed time: 3.971798 seconds (0d 0h 0m 3s)

---------------  T H R E A D  ---------------

Current thread (0x000001d9e66e4f10):  JavaThread "C2 CompilerThread0" daemon [_thread_in_native, id=21664, stack(0x0000003558d00000,0x0000003558e00000)]


Current CompileTask:
C2:   3972 3682       4       jdk.internal.org.objectweb.asm.Frame::execute (2305 bytes)

Stack: [0x0000003558d00000,0x0000003558e00000]
Native frames: (J=compiled Java code, j=interpreted, Vv=VM code, C=native code)
V  [jvm.dll+0x67a04a]
V  [jvm.dll+0x7da4ed]
V  [jvm.dll+0x7dbe33]
V  [jvm.dll+0x7dc4a3]
V  [jvm.dll+0x24508f]
V  [jvm.dll+0xab773]
V  [jvm.dll+0xabd3c]
V  [jvm.dll+0x2aa52f]
V  [jvm.dll+0x581eb9]
V  [jvm.dll+0x21f422]
V  [jvm.dll+0x21f81f]
V  [jvm.dll+0x218aa0]
V  [jvm.dll+0x215b65]
V  [jvm.dll+0x1a2960]
V  [jvm.dll+0x22610b]
V  [jvm.dll+0x2242ab]
V  [jvm.dll+0x79075c]
V  [jvm.dll+0x78abea]
V  [jvm.dll+0x678f35]
C  [ucrtbase.dll+0x29333]
C  [KERNEL32.DLL+0x1259d]
C  [ntdll.dll+0x5af78]


---------------  P R O C E S S  ---------------

Threads class SMR info:
_java_thread_list=0x000001d9ec888b60, length=15, elements={
0x000001d9cadb8d40, 0x000001d9e66cbfd0, 0x000001d9e66ccb90, 0x000001d9e66de210,
0x000001d9e66dedd0, 0x000001d9e66e37b0, 0x000001d9e66e4170, 0x000001d9e66e4f10,
0x000001d9e66ec4c0, 0x000001d9e66ecdd0, 0x000001d9e6988a80, 0x000001d9e6990da0,
0x000001d9ec738950, 0x000001d9ecacb2b0, 0x000001d9ec93f5e0
}

Java Threads: ( => current thread )
  0x000001d9cadb8d40 JavaThread "main" [_thread_in_native, id=10872, stack(0x0000003558000000,0x0000003558100000)]
  0x000001d9e66cbfd0 JavaThread "Reference Handler" daemon [_thread_blocked, id=14196, stack(0x0000003558700000,0x0000003558800000)]
  0x000001d9e66ccb90 JavaThread "Finalizer" daemon [_thread_blocked, id=3744, stack(0x0000003558800000,0x0000003558900000)]
  0x000001d9e66de210 JavaThread "Signal Dispatcher" daemon [_thread_blocked, id=6456, stack(0x0000003558900000,0x0000003558a00000)]
  0x000001d9e66dedd0 JavaThread "Attach Listener" daemon [_thread_blocked, id=16944, stack(0x0000003558a00000,0x0000003558b00000)]
  0x000001d9e66e37b0 JavaThread "Service Thread" daemon [_thread_blocked, id=16820, stack(0x0000003558b00000,0x0000003558c00000)]
  0x000001d9e66e4170 JavaThread "Monitor Deflation Thread" daemon [_thread_blocked, id=19148, stack(0x0000003558c00000,0x0000003558d00000)]
=>0x000001d9e66e4f10 JavaThread "C2 CompilerThread0" daemon [_thread_in_native, id=21664, stack(0x0000003558d00000,0x0000003558e00000)]
  0x000001d9e66ec4c0 JavaThread "C1 CompilerThread0" daemon [_thread_blocked, id=2368, stack(0x0000003558e00000,0x0000003558f00000)]
  0x000001d9e66ecdd0 JavaThread "Sweeper thread" daemon [_thread_blocked, id=24348, stack(0x0000003558f00000,0x0000003559000000)]
  0x000001d9e6988a80 JavaThread "Notification Thread" daemon [_thread_blocked, id=5924, stack(0x0000003559000000,0x0000003559100000)]
  0x000001d9e6990da0 JavaThread "Common-Cleaner" daemon [_thread_blocked, id=12536, stack(0x0000003559200000,0x0000003559300000)]
  0x000001d9ec738950 JavaThread "Catalina-utility-1" [_thread_blocked, id=9388, stack(0x0000003559b00000,0x0000003559c00000)]
  0x000001d9ecacb2b0 JavaThread "Catalina-utility-2" [_thread_blocked, id=15544, stack(0x0000003559c00000,0x0000003559d00000)]
  0x000001d9ec93f5e0 JavaThread "container-0" [_thread_blocked, id=19684, stack(0x0000003559d00000,0x0000003559e00000)]

Other Threads:
  0x000001d9e66c6520 VMThread "VM Thread" [stack: 0x0000003558600000,0x0000003558700000] [id=5196]
  0x000001d9e6988f60 WatcherThread [stack: 0x0000003559100000,0x0000003559200000] [id=12912]
  0x000001d9cadfaa70 GCTaskThread "GC Thread#0" [stack: 0x0000003558100000,0x0000003558200000] [id=13756]
  0x000001d9eb897c40 GCTaskThread "GC Thread#1" [stack: 0x0000003559300000,0x0000003559400000] [id=14784]
  0x000001d9eb841670 GCTaskThread "GC Thread#2" [stack: 0x0000003559400000,0x0000003559500000] [id=5048]
  0x000001d9eb8c9be0 GCTaskThread "GC Thread#3" [stack: 0x0000003559500000,0x0000003559600000] [id=18312]
  0x000001d9eb889540 GCTaskThread "GC Thread#4" [stack: 0x0000003559600000,0x0000003559700000] [id=7260]
  0x000001d9eb889800 GCTaskThread "GC Thread#5" [stack: 0x0000003559700000,0x0000003559800000] [id=22696]
  0x000001d9ebe8ab40 GCTaskThread "GC Thread#6" [stack: 0x0000003559900000,0x0000003559a00000] [id=22272]
  0x000001d9ebe8ae00 GCTaskThread "GC Thread#7" [stack: 0x0000003559a00000,0x0000003559b00000] [id=19252]
  0x000001d9cae03000 ConcurrentGCThread "G1 Main Marker" [stack: 0x0000003558200000,0x0000003558300000] [id=21540]
  0x000001d9cae04a20 ConcurrentGCThread "G1 Conc#0" [stack: 0x0000003558300000,0x0000003558400000] [id=17412]
  0x000001d9ec6ba9f0 ConcurrentGCThread "G1 Conc#1" [stack: 0x0000003559800000,0x0000003559900000] [id=19140]
  0x000001d9cae74b60 ConcurrentGCThread "G1 Refine#0" [stack: 0x0000003558400000,0x0000003558500000] [id=19052]
  0x000001d9cae75590 ConcurrentGCThread "G1 Service" [stack: 0x0000003558500000,0x0000003558600000] [id=24544]

Threads with active compile tasks:
C2 CompilerThread0     4010 3682       4       jdk.internal.org.objectweb.asm.Frame::execute (2305 bytes)

VM state: not at safepoint (normal execution)

VM Mutex/Monitor currently owned by a thread: None

Heap address: 0x00000000c4e00000, size: 946 MB, Compressed Oops mode: 32-bit

CDS archive(s) mapped at: [0x000001d980000000-0x000001d980bd0000-0x000001d980bd0000), size 12386304, SharedBaseAddress: 0x000001d980000000, ArchiveRelocationMode: 1.
Compressed class space mapped at: 0x000001d981000000-0x000001d9c1000000, reserved size: 1073741824
Narrow klass base: 0x000001d980000000, Narrow klass shift: 0, Narrow klass range: 0x100000000

GC Precious Log:
 CPUs: 8 total, 8 available
 Memory: 3776M
 Large Page Support: Disabled
 NUMA Support: Disabled
 Compressed Oops: Enabled (32-bit)
 Heap Region Size: 1M
 Heap Min Capacity: 8M
 Heap Initial Capacity: 60M
 Heap Max Capacity: 946M
 Pre-touch: Disabled
 Parallel Workers: 8
 Concurrent Workers: 2
 Concurrent Refinement Workers: 8
 Periodic GC: Disabled

Heap:
 garbage-first heap   total 61440K, used 23776K [0x00000000c4e00000, 0x0000000100000000)
  region size 1024K, 9 young (9216K), 2 survivors (2048K)
 Metaspace       used 34761K, committed 35200K, reserved 1114112K
  class space    used 4585K, committed 4800K, reserved 1048576K

Heap Regions: E=young(eden), S=young(survivor), O=old, HS=humongous(starts), HC=humongous(continues), CS=collection set, F=free, OA=open archive, CA=closed archive, TAMS=top-at-mark-start (previous, next)
|   0|0x00000000c4e00000, 0x00000000c4f00000, 0x00000000c4f00000|100%|HS|  |TAMS 0x00000000c4f00000, 0x00000000c4e00000| Complete 
|   1|0x00000000c4f00000, 0x00000000c5000000, 0x00000000c5000000|100%| O|  |TAMS 0x00000000c5000000, 0x00000000c4f00000| Untracked 
|   2|0x00000000c5000000, 0x00000000c5100000, 0x00000000c5100000|100%| O|  |TAMS 0x00000000c5100000, 0x00000000c5000000| Untracked 
|   3|0x00000000c5100000, 0x00000000c5200000, 0x00000000c5200000|100%| O|  |TAMS 0x00000000c5200000, 0x00000000c5100000| Untracked 
|   4|0x00000000c5200000, 0x00000000c5300000, 0x00000000c5300000|100%| O|  |TAMS 0x00000000c5300000, 0x00000000c5200000| Untracked 
|   5|0x00000000c5300000, 0x00000000c5400000, 0x00000000c5400000|100%| O|  |TAMS 0x00000000c5400000, 0x00000000c5300000| Untracked 
|   6|0x00000000c5400000, 0x00000000c5500000, 0x00000000c5500000|100%| O|  |TAMS 0x00000000c5500000, 0x00000000c5400000| Untracked 
|   7|0x00000000c5500000, 0x00000000c5600000, 0x00000000c5600000|100%| O|  |TAMS 0x00000000c552fc00, 0x00000000c5500000| Untracked 
|   8|0x00000000c5600000, 0x00000000c5700000, 0x00000000c5700000|100%| O|  |TAMS 0x00000000c5600000, 0x00000000c5600000| Untracked 
|   9|0x00000000c5700000, 0x00000000c5800000, 0x00000000c5800000|100%| O|  |TAMS 0x00000000c5700000, 0x00000000c5700000| Untracked 
|  10|0x00000000c5800000, 0x00000000c5800000, 0x00000000c5900000|  0%| F|  |TAMS 0x00000000c5800000, 0x00000000c5800000| Untracked 
|  11|0x00000000c5900000, 0x00000000c5a00000, 0x00000000c5a00000|100%| O|  |TAMS 0x00000000c5900000, 0x00000000c5900000| Untracked 
|  12|0x00000000c5a00000, 0x00000000c5b00000, 0x00000000c5b00000|100%| O|  |TAMS 0x00000000c5a00000, 0x00000000c5a00000| Untracked 
|  13|0x00000000c5b00000, 0x00000000c5c00000, 0x00000000c5c00000|100%| O|  |TAMS 0x00000000c5b00000, 0x00000000c5b00000| Untracked 
|  14|0x00000000c5c00000, 0x00000000c5d00000, 0x00000000c5d00000|100%| O|  |TAMS 0x00000000c5c00000, 0x00000000c5c00000| Untracked 
|  15|0x00000000c5d00000, 0x00000000c5e00000, 0x00000000c5e00000|100%| O|  |TAMS 0x00000000c5d00000, 0x00000000c5d00000| Untracked 
|  16|0x00000000c5e00000, 0x00000000c5ed7200, 0x00000000c5f00000| 84%| O|  |TAMS 0x00000000c5e00000, 0x00000000c5e00000| Untracked 
|  17|0x00000000c5f00000, 0x00000000c5f00000, 0x00000000c6000000|  0%| F|  |TAMS 0x00000000c5f00000, 0x00000000c5f00000| Untracked 
|  18|0x00000000c6000000, 0x00000000c6000000, 0x00000000c6100000|  0%| F|  |TAMS 0x00000000c6000000, 0x00000000c6000000| Untracked 
|  19|0x00000000c6100000, 0x00000000c6100000, 0x00000000c6200000|  0%| F|  |TAMS 0x00000000c6100000, 0x00000000c6100000| Untracked 
|  20|0x00000000c6200000, 0x00000000c6200000, 0x00000000c6300000|  0%| F|  |TAMS 0x00000000c6200000, 0x00000000c6200000| Untracked 
|  21|0x00000000c6300000, 0x00000000c6300000, 0x00000000c6400000|  0%| F|  |TAMS 0x00000000c6300000, 0x00000000c6300000| Untracked 
|  22|0x00000000c6400000, 0x00000000c6400000, 0x00000000c6500000|  0%| F|  |TAMS 0x00000000c6400000, 0x00000000c6400000| Untracked 
|  23|0x00000000c6500000, 0x00000000c6500000, 0x00000000c6600000|  0%| F|  |TAMS 0x00000000c6500000, 0x00000000c6500000| Untracked 
|  24|0x00000000c6600000, 0x00000000c6600000, 0x00000000c6700000|  0%| F|  |TAMS 0x00000000c6600000, 0x00000000c6600000| Untracked 
|  25|0x00000000c6700000, 0x00000000c6700000, 0x00000000c6800000|  0%| F|  |TAMS 0x00000000c6700000, 0x00000000c6700000| Untracked 
|  26|0x00000000c6800000, 0x00000000c6800000, 0x00000000c6900000|  0%| F|  |TAMS 0x00000000c6800000, 0x00000000c6800000| Untracked 
|  27|0x00000000c6900000, 0x00000000c6900000, 0x00000000c6a00000|  0%| F|  |TAMS 0x00000000c6900000, 0x00000000c6900000| Untracked 
|  28|0x00000000c6a00000, 0x00000000c6a00000, 0x00000000c6b00000|  0%| F|  |TAMS 0x00000000c6a00000, 0x00000000c6a00000| Untracked 
|  29|0x00000000c6b00000, 0x00000000c6b00000, 0x00000000c6c00000|  0%| F|  |TAMS 0x00000000c6b00000, 0x00000000c6b00000| Untracked 
|  30|0x00000000c6c00000, 0x00000000c6c00000, 0x00000000c6d00000|  0%| F|  |TAMS 0x00000000c6c00000, 0x00000000c6c00000| Untracked 
|  31|0x00000000c6d00000, 0x00000000c6d61158, 0x00000000c6e00000| 37%| S|CS|TAMS 0x00000000c6d00000, 0x00000000c6d00000| Complete 
|  32|0x00000000c6e00000, 0x00000000c6f00000, 0x00000000c6f00000|100%| S|CS|TAMS 0x00000000c6e00000, 0x00000000c6e00000| Complete 
|  33|0x00000000c6f00000, 0x00000000c6f00000, 0x00000000c7000000|  0%| F|  |TAMS 0x00000000c6f00000, 0x00000000c6f00000| Untracked 
|  34|0x00000000c7000000, 0x00000000c7000000, 0x00000000c7100000|  0%| F|  |TAMS 0x00000000c7000000, 0x00000000c7000000| Untracked 
|  35|0x00000000c7100000, 0x00000000c7100000, 0x00000000c7200000|  0%| F|  |TAMS 0x00000000c7100000, 0x00000000c7100000| Untracked 
|  36|0x00000000c7200000, 0x00000000c7200000, 0x00000000c7300000|  0%| F|  |TAMS 0x00000000c7200000, 0x00000000c7200000| Untracked 
|  37|0x00000000c7300000, 0x00000000c7300000, 0x00000000c7400000|  0%| F|  |TAMS 0x00000000c7300000, 0x00000000c7300000| Untracked 
|  38|0x00000000c7400000, 0x00000000c7400000, 0x00000000c7500000|  0%| F|  |TAMS 0x00000000c7400000, 0x00000000c7400000| Untracked 
|  39|0x00000000c7500000, 0x00000000c7500000, 0x00000000c7600000|  0%| F|  |TAMS 0x00000000c7500000, 0x00000000c7500000| Untracked 
|  40|0x00000000c7600000, 0x00000000c7600000, 0x00000000c7700000|  0%| F|  |TAMS 0x00000000c7600000, 0x00000000c7600000| Untracked 
|  41|0x00000000c7700000, 0x00000000c7700000, 0x00000000c7800000|  0%| F|  |TAMS 0x00000000c7700000, 0x00000000c7700000| Untracked 
|  42|0x00000000c7800000, 0x00000000c7800000, 0x00000000c7900000|  0%| F|  |TAMS 0x00000000c7800000, 0x00000000c7800000| Untracked 
|  43|0x00000000c7900000, 0x00000000c7900000, 0x00000000c7a00000|  0%| F|  |TAMS 0x00000000c7900000, 0x00000000c7900000| Untracked 
|  44|0x00000000c7a00000, 0x00000000c7a00000, 0x00000000c7b00000|  0%| F|  |TAMS 0x00000000c7a00000, 0x00000000c7a00000| Untracked 
|  45|0x00000000c7b00000, 0x00000000c7b00000, 0x00000000c7c00000|  0%| F|  |TAMS 0x00000000c7b00000, 0x00000000c7b00000| Untracked 
|  46|0x00000000c7c00000, 0x00000000c7c00000, 0x00000000c7d00000|  0%| F|  |TAMS 0x00000000c7c00000, 0x00000000c7c00000| Untracked 
|  47|0x00000000c7d00000, 0x00000000c7d00000, 0x00000000c7e00000|  0%| F|  |TAMS 0x00000000c7d00000, 0x00000000c7d00000| Untracked 
|  48|0x00000000c7e00000, 0x00000000c7e00000, 0x00000000c7f00000|  0%| F|  |TAMS 0x00000000c7e00000, 0x00000000c7e00000| Untracked 
|  49|0x00000000c7f00000, 0x00000000c7f00000, 0x00000000c8000000|  0%| F|  |TAMS 0x00000000c7f00000, 0x00000000c7f00000| Untracked 
|  50|0x00000000c8000000, 0x00000000c8000000, 0x00000000c8100000|  0%| F|  |TAMS 0x00000000c8000000, 0x00000000c8000000| Untracked 
|  51|0x00000000c8100000, 0x00000000c8100000, 0x00000000c8200000|  0%| F|  |TAMS 0x00000000c8100000, 0x00000000c8100000| Untracked 
|  52|0x00000000c8200000, 0x00000000c8200000, 0x00000000c8300000|  0%| F|  |TAMS 0x00000000c8200000, 0x00000000c8200000| Untracked 
|  53|0x00000000c8300000, 0x00000000c8380800, 0x00000000c8400000| 50%| E|  |TAMS 0x00000000c8300000, 0x00000000c8300000| Complete 
|  54|0x00000000c8400000, 0x00000000c8500000, 0x00000000c8500000|100%| E|CS|TAMS 0x00000000c8400000, 0x00000000c8400000| Complete 
|  55|0x00000000c8500000, 0x00000000c8600000, 0x00000000c8600000|100%| E|CS|TAMS 0x00000000c8500000, 0x00000000c8500000| Complete 
|  56|0x00000000c8600000, 0x00000000c8700000, 0x00000000c8700000|100%| E|CS|TAMS 0x00000000c8600000, 0x00000000c8600000| Complete 
|  57|0x00000000c8700000, 0x00000000c8800000, 0x00000000c8800000|100%| E|CS|TAMS 0x00000000c8700000, 0x00000000c8700000| Complete 
|  58|0x00000000c8800000, 0x00000000c8900000, 0x00000000c8900000|100%| E|CS|TAMS 0x00000000c8800000, 0x00000000c8800000| Complete 
|  59|0x00000000c8900000, 0x00000000c8a00000, 0x00000000c8a00000|100%| E|CS|TAMS 0x00000000c8900000, 0x00000000c8900000| Complete 

Card table byte_map: [0x000001d9e1b80000,0x000001d9e1d60000] _byte_map_base: 0x000001d9e1559000

Marking Bits (Prev, Next): (CMBitMap*) 0x000001d9cadfb0d0, (CMBitMap*) 0x000001d9cadfb090
 Prev Bits: [0x000001d9e2e10000, 0x000001d9e3cd8000)
 Next Bits: [0x000001d9e1f40000, 0x000001d9e2e08000)

Polling page: 0x000001d9ca580000

Metaspace:

Usage:
  Non-class:     29.47 MB used.
      Class:      4.48 MB used.
       Both:     33.95 MB used.

Virtual space:
  Non-class space:       64.00 MB reserved,      29.69 MB ( 46%) committed,  1 nodes.
      Class space:        1.00 GB reserved,       4.69 MB ( <1%) committed,  1 nodes.
             Both:        1.06 GB reserved,      34.38 MB (  3%) committed. 

Chunk freelists:
   Non-Class:  2.00 MB
       Class:  11.28 MB
        Both:  13.28 MB

MaxMetaspaceSize: unlimited
CompressedClassSpaceSize: 1.00 GB
Initial GC threshold: 21.00 MB
Current GC threshold: 35.12 MB
CDS: on
MetaspaceReclaimPolicy: balanced
 - commit_granule_bytes: 65536.
 - commit_granule_words: 8192.
 - virtual_space_node_default_size: 8388608.
 - enlarge_chunks_in_place: 1.
 - new_chunks_are_fully_committed: 0.
 - uncommit_free_chunks: 1.
 - use_allocation_guard: 0.
 - handle_deallocations: 1.


Internal statistics:

num_allocs_failed_limit: 3.
num_arena_births: 552.
num_arena_deaths: 0.
num_vsnodes_births: 2.
num_vsnodes_deaths: 0.
num_space_committed: 550.
num_space_uncommitted: 0.
num_chunks_returned_to_freelist: 3.
num_chunks_taken_from_freelist: 1816.
num_chunk_merges: 3.
num_chunk_splits: 1271.
num_chunks_enlarged: 951.
num_inconsistent_stats: 0.

CodeHeap 'non-profiled nmethods': size=120000Kb used=1696Kb max_used=1696Kb free=118303Kb
 bounds [0x000001d9da140000, 0x000001d9da3b0000, 0x000001d9e1670000]
CodeHeap 'profiled nmethods': size=120000Kb used=7835Kb max_used=7835Kb free=112164Kb
 bounds [0x000001d9d2670000, 0x000001d9d2e20000, 0x000001d9d9ba0000]
CodeHeap 'non-nmethods': size=5760Kb used=1232Kb max_used=1266Kb free=4527Kb
 bounds [0x000001d9d9ba0000, 0x000001d9d9e10000, 0x000001d9da140000]
 total_blobs=4211 nmethods=3682 adapters=440
 compilation: enabled
              stopped_count=0, restarted_count=0
 full_count=0

Compilation events (20 events):
Event: 3.915 Thread 0x000001d9e66ec4c0 3691       3       java.lang.module.ModuleDescriptor$Exports::isQualified (18 bytes)
Event: 3.915 Thread 0x000001d9e66ec4c0 nmethod 3691 0x000001d9d2e14690 code [0x000001d9d2e14840, 0x000001d9d2e14a68]
Event: 3.915 Thread 0x000001d9e66ec4c0 3692       3       java.util.ImmutableCollections$SetN::isEmpty (13 bytes)
Event: 3.915 Thread 0x000001d9e66ec4c0 nmethod 3692 0x000001d9d2e14b10 code [0x000001d9d2e14ca0, 0x000001d9d2e14e18]
Event: 3.915 Thread 0x000001d9e66ec4c0 3693       3       java.util.stream.ForEachOps$ForEachOp$OfRef::accept (11 bytes)
Event: 3.915 Thread 0x000001d9e66ec4c0 nmethod 3693 0x000001d9d2e14e90 code [0x000001d9d2e15040, 0x000001d9d2e15208]
Event: 3.916 Thread 0x000001d9e66ec4c0 3694       1       java.util.stream.ForEachOps$ForEachOp::get (2 bytes)
Event: 3.916 Thread 0x000001d9e66ec4c0 nmethod 3694 0x000001d9da2dfa90 code [0x000001d9da2dfc20, 0x000001d9da2dfcf8]
Event: 3.916 Thread 0x000001d9e66ec4c0 3695       3       java.util.Collection::stream (11 bytes)
Event: 3.916 Thread 0x000001d9e66ec4c0 nmethod 3695 0x000001d9d2e15310 code [0x000001d9d2e154c0, 0x000001d9d2e156b8]
Event: 3.916 Thread 0x000001d9e66ec4c0 3696       3       java.lang.SecurityManager$$Lambda$791/0x000001d981360530::test (8 bytes)
Event: 3.916 Thread 0x000001d9e66ec4c0 nmethod 3696 0x000001d9d2e15790 code [0x000001d9d2e15940, 0x000001d9d2e15b88]
Event: 3.916 Thread 0x000001d9e66ec4c0 3697       3       java.lang.SecurityManager::lambda$nonExportedPkgs$2 (13 bytes)
Event: 3.916 Thread 0x000001d9e66ec4c0 nmethod 3697 0x000001d9d2e15c90 code [0x000001d9d2e15e40, 0x000001d9d2e16128]
Event: 3.916 Thread 0x000001d9e66ec4c0 3698       3       java.lang.SecurityManager$$Lambda$790/0x000001d981360308::accept (8 bytes)
Event: 3.917 Thread 0x000001d9e66e4f10 nmethod 3161 0x000001d9da2dfd90 code [0x000001d9da2e01e0, 0x000001d9da2e5318]
Event: 3.917 Thread 0x000001d9e66e4f10 3682       4       jdk.internal.org.objectweb.asm.Frame::execute (2305 bytes)
Event: 3.917 Thread 0x000001d9e66ec4c0 nmethod 3698 0x000001d9d2e16210 code [0x000001d9d2e163c0, 0x000001d9d2e166e8]
Event: 3.917 Thread 0x000001d9e66ec4c0 3699       3       java.lang.SecurityManager::lambda$addNonExportedPackages$1 (14 bytes)
Event: 3.917 Thread 0x000001d9e66ec4c0 nmethod 3699 0x000001d9d2e16810 code [0x000001d9d2e169c0, 0x000001d9d2e16b68]

GC Heap History (14 events):
Event: 0.747 GC heap before
{Heap before GC invocations=0 (full 0):
 garbage-first heap   total 61440K, used 23552K [0x00000000c4e00000, 0x0000000100000000)
  region size 1024K, 23 young (23552K), 0 survivors (0K)
 Metaspace       used 6320K, committed 6464K, reserved 1114112K
  class space    used 780K, committed 832K, reserved 1048576K
}
Event: 0.754 GC heap after
{Heap after GC invocations=1 (full 0):
 garbage-first heap   total 61440K, used 6684K [0x00000000c4e00000, 0x0000000100000000)
  region size 1024K, 3 young (3072K), 3 survivors (3072K)
 Metaspace       used 6320K, committed 6464K, reserved 1114112K
  class space    used 780K, committed 832K, reserved 1048576K
}
Event: 1.070 GC heap before
{Heap before GC invocations=1 (full 0):
 garbage-first heap   total 61440K, used 29212K [0x00000000c4e00000, 0x0000000100000000)
  region size 1024K, 26 young (26624K), 3 survivors (3072K)
 Metaspace       used 12420K, committed 12672K, reserved 1114112K
  class space    used 1515K, committed 1664K, reserved 1048576K
}
Event: 1.075 GC heap after
{Heap after GC invocations=2 (full 0):
 garbage-first heap   total 61440K, used 8697K [0x00000000c4e00000, 0x0000000100000000)
  region size 1024K, 2 young (2048K), 2 survivors (2048K)
 Metaspace       used 12420K, committed 12672K, reserved 1114112K
  class space    used 1515K, committed 1664K, reserved 1048576K
}
Event: 1.437 GC heap before
{Heap before GC invocations=2 (full 0):
 garbage-first heap   total 61440K, used 32249K [0x00000000c4e00000, 0x0000000100000000)
  region size 1024K, 26 young (26624K), 2 survivors (2048K)
 Metaspace       used 17196K, committed 17472K, reserved 1114112K
  class space    used 2110K, committed 2240K, reserved 1048576K
}
Event: 1.442 GC heap after
{Heap after GC invocations=3 (full 0):
 garbage-first heap   total 61440K, used 11455K [0x00000000c4e00000, 0x0000000100000000)
  region size 1024K, 4 young (4096K), 4 survivors (4096K)
 Metaspace       used 17196K, committed 17472K, reserved 1114112K
  class space    used 2110K, committed 2240K, reserved 1048576K
}
Event: 2.251 GC heap before
{Heap before GC invocations=3 (full 0):
 garbage-first heap   total 61440K, used 39103K [0x00000000c4e00000, 0x0000000100000000)
  region size 1024K, 32 young (32768K), 4 survivors (4096K)
 Metaspace       used 21189K, committed 21504K, reserved 1114112K
  class space    used 2655K, committed 2816K, reserved 1048576K
}
Event: 2.280 GC heap after
{Heap after GC invocations=4 (full 0):
 garbage-first heap   total 61440K, used 13329K [0x00000000c4e00000, 0x0000000100000000)
  region size 1024K, 3 young (3072K), 3 survivors (3072K)
 Metaspace       used 21189K, committed 21504K, reserved 1114112K
  class space    used 2655K, committed 2816K, reserved 1048576K
}
Event: 3.204 GC heap before
{Heap before GC invocations=5 (full 0):
 garbage-first heap   total 51200K, used 39953K [0x00000000c4e00000, 0x0000000100000000)
  region size 1024K, 30 young (30720K), 3 survivors (3072K)
 Metaspace       used 27033K, committed 27456K, reserved 1114112K
  class space    used 3443K, committed 3648K, reserved 1048576K
}
Event: 3.214 GC heap after
{Heap after GC invocations=6 (full 0):
 garbage-first heap   total 51200K, used 16282K [0x00000000c4e00000, 0x0000000100000000)
  region size 1024K, 3 young (3072K), 3 survivors (3072K)
 Metaspace       used 27033K, committed 27456K, reserved 1114112K
  class space    used 3443K, committed 3648K, reserved 1048576K
}
Event: 3.238 GC heap before
{Heap before GC invocations=6 (full 0):
 garbage-first heap   total 51200K, used 17306K [0x00000000c4e00000, 0x0000000100000000)
  region size 1024K, 4 young (4096K), 3 survivors (3072K)
 Metaspace       used 27243K, committed 27648K, reserved 1114112K
  class space    used 3466K, committed 3648K, reserved 1048576K
}
Event: 3.245 GC heap after
{Heap after GC invocations=7 (full 0):
 garbage-first heap   total 61440K, used 16763K [0x00000000c4e00000, 0x0000000100000000)
  region size 1024K, 1 young (1024K), 1 survivors (1024K)
 Metaspace       used 27243K, committed 27648K, reserved 1114112K
  class space    used 3466K, committed 3648K, reserved 1048576K
}
Event: 3.752 GC heap before
{Heap before GC invocations=7 (full 0):
 garbage-first heap   total 61440K, used 42363K [0x00000000c4e00000, 0x0000000100000000)
  region size 1024K, 27 young (27648K), 1 survivors (1024K)
 Metaspace       used 32736K, committed 33152K, reserved 1114112K
  class space    used 4283K, committed 4480K, reserved 1048576K
}
Event: 3.755 GC heap after
{Heap after GC invocations=8 (full 0):
 garbage-first heap   total 61440K, used 17632K [0x00000000c4e00000, 0x0000000100000000)
  region size 1024K, 2 young (2048K), 2 survivors (2048K)
 Metaspace       used 32736K, committed 33152K, reserved 1114112K
  class space    used 4283K, committed 4480K, reserved 1048576K
}

Deoptimization events (20 events):
Event: 3.200 Thread 0x000001d9cadb8d40 DEOPT PACKING pc=0x000001d9d2cfdf08 sp=0x00000035580fcda0
Event: 3.200 Thread 0x000001d9cadb8d40 DEOPT UNPACKING pc=0x000001d9d9bf66e3 sp=0x00000035580fc2a8 mode 0
Event: 3.263 Thread 0x000001d9cadb8d40 DEOPT PACKING pc=0x000001d9d2a47fe2 sp=0x00000035580fe7b0
Event: 3.263 Thread 0x000001d9cadb8d40 DEOPT UNPACKING pc=0x000001d9d9bf66e3 sp=0x00000035580fdc40 mode 3
Event: 3.263 Thread 0x000001d9ec738950 DEOPT PACKING pc=0x000001d9d29d3b31 sp=0x0000003559bff080
Event: 3.263 Thread 0x000001d9ec738950 DEOPT UNPACKING pc=0x000001d9d9bf66e3 sp=0x0000003559bfe4d8 mode 3
Event: 3.290 Thread 0x000001d9cadb8d40 Uncommon trap: trap_request=0xffffff45 fr.pc=0x000001d9da2279dc relative=0x0000000000000e7c
Event: 3.290 Thread 0x000001d9cadb8d40 Uncommon trap: reason=unstable_if action=reinterpret pc=0x000001d9da2279dc method=java.util.HashMap.putVal(ILjava/lang/Object;Ljava/lang/Object;ZZ)Ljava/lang/Object; @ 94 c2
Event: 3.290 Thread 0x000001d9cadb8d40 DEOPT PACKING pc=0x000001d9da2279dc sp=0x00000035580fc850
Event: 3.290 Thread 0x000001d9cadb8d40 DEOPT UNPACKING pc=0x000001d9d9bf5ba3 sp=0x00000035580fc7e8 mode 2
Event: 3.321 Thread 0x000001d9cadb8d40 DEOPT PACKING pc=0x000001d9d2cfdf08 sp=0x00000035580f8110
Event: 3.321 Thread 0x000001d9cadb8d40 DEOPT UNPACKING pc=0x000001d9d9bf66e3 sp=0x00000035580f7618 mode 0
Event: 3.336 Thread 0x000001d9cadb8d40 Uncommon trap: trap_request=0xfffffff4 fr.pc=0x000001d9da26106c relative=0x000000000000072c
Event: 3.336 Thread 0x000001d9cadb8d40 Uncommon trap: reason=null_check action=make_not_entrant pc=0x000001d9da26106c method=org.springframework.beans.factory.support.DefaultListableBeanFactory.getBeanDefinition(Ljava/lang/String;)Lorg/springframework/beans/factory/config/BeanDefinition; @ 10 
Event: 3.336 Thread 0x000001d9cadb8d40 DEOPT PACKING pc=0x000001d9da26106c sp=0x00000035580fcc10
Event: 3.336 Thread 0x000001d9cadb8d40 DEOPT UNPACKING pc=0x000001d9d9bf5ba3 sp=0x00000035580fcb48 mode 2
Event: 3.888 Thread 0x000001d9cadb8d40 Uncommon trap: trap_request=0xffffff45 fr.pc=0x000001d9da297454 relative=0x0000000000001294
Event: 3.888 Thread 0x000001d9cadb8d40 Uncommon trap: reason=unstable_if action=reinterpret pc=0x000001d9da297454 method=java.util.concurrent.ConcurrentHashMap.putVal(Ljava/lang/Object;Ljava/lang/Object;Z)Ljava/lang/Object; @ 148 c2
Event: 3.888 Thread 0x000001d9cadb8d40 DEOPT PACKING pc=0x000001d9da297454 sp=0x00000035580fd720
Event: 3.888 Thread 0x000001d9cadb8d40 DEOPT UNPACKING pc=0x000001d9d9bf5ba3 sp=0x00000035580fd6b0 mode 2

Classes unloaded (0 events):
No events

Classes redefined (0 events):
No events

Internal exceptions (20 events):
Event: 2.751 Thread 0x000001d9cadb8d40 Exception <a 'java/lang/IncompatibleClassChangeError'{0x00000000c7202718}: Found class java.lang.Object, but interface was expected> (0x00000000c7202718) 
thrown [s\open\src\hotspot\share\interpreter\linkResolver.cpp, line 826]
Event: 2.751 Thread 0x000001d9cadb8d40 Exception <a 'java/lang/NoSuchMethodError'{0x00000000c7213250}: 'int java.lang.invoke.DirectMethodHandle$Holder.invokeSpecialIFC(java.lang.Object, java.lang.Object, java.lang.Object)'> (0x00000000c7213250) 
thrown [s\open\src\hotspot\share\interpreter\linkResolver.cpp, line 759]
Event: 2.752 Thread 0x000001d9cadb8d40 Exception <a 'java/lang/NoSuchMethodError'{0x00000000c7221118}: 'void java.lang.invoke.DirectMethodHandle$Holder.invokeStatic(java.lang.Object, int, java.lang.Object)'> (0x00000000c7221118) 
thrown [s\open\src\hotspot\share\interpreter\linkResolver.cpp, line 759]
Event: 2.756 Thread 0x000001d9cadb8d40 Exception <a 'java/lang/NoSuchMethodError'{0x00000000c725c878}: 'void java.lang.invoke.DirectMethodHandle$Holder.invokeVirtual(java.lang.Object, java.lang.Object, int)'> (0x00000000c725c878) 
thrown [s\open\src\hotspot\share\interpreter\linkResolver.cpp, line 759]
Event: 2.756 Thread 0x000001d9cadb8d40 Exception <a 'java/lang/NoSuchMethodError'{0x00000000c7262ac0}: 'void java.lang.invoke.DirectMethodHandle$Holder.invokeStatic(java.lang.Object, java.lang.Object, java.lang.Object, int, java.lang.Object)'> (0x00000000c7262ac0) 
thrown [s\open\src\hotspot\share\interpreter\linkResolver.cpp, line 759]
Event: 2.757 Thread 0x000001d9cadb8d40 Exception <a 'java/lang/NoSuchMethodError'{0x00000000c7269fc8}: 'java.lang.Object java.lang.invoke.DirectMethodHandle$Holder.newInvokeSpecial(java.lang.Object, java.lang.Object, java.lang.Object, int)'> (0x00000000c7269fc8) 
thrown [s\open\src\hotspot\share\interpreter\linkResolver.cpp, line 759]
Event: 2.757 Thread 0x000001d9cadb8d40 Exception <a 'java/lang/NoSuchMethodError'{0x00000000c726e2b0}: 'java.lang.Object java.lang.invoke.DirectMethodHandle$Holder.invokeSpecial(java.lang.Object, java.lang.Object, java.lang.Object, java.lang.Object, int)'> (0x00000000c726e2b0) 
thrown [s\open\src\hotspot\share\interpreter\linkResolver.cpp, line 759]
Event: 2.757 Thread 0x000001d9cadb8d40 Exception <a 'java/lang/NoSuchMethodError'{0x00000000c7271e78}: 'java.lang.Object java.lang.invoke.Invokers$Holder.linkToTargetMethod(java.lang.Object, java.lang.Object, int, java.lang.Object)'> (0x00000000c7271e78) 
thrown [s\open\src\hotspot\share\interpreter\linkResolver.cpp, line 759]
Event: 2.825 Thread 0x000001d9cadb8d40 Exception <a 'java/lang/NoSuchMethodError'{0x00000000c6e63228}: 'java.lang.Object java.lang.invoke.DirectMethodHandle$Holder.invokeStaticInit(java.lang.Object, int, int, int, int)'> (0x00000000c6e63228) 
thrown [s\open\src\hotspot\share\interpreter\linkResolver.cpp, line 759]
Event: 2.961 Thread 0x000001d9cadb8d40 Exception <a 'java/lang/NoSuchMethodError'{0x00000000c6d10598}: 'java.lang.Object java.lang.invoke.DirectMethodHandle$Holder.invokeStaticInit(java.lang.Object, java.lang.Object, int, int, int, int)'> (0x00000000c6d10598) 
thrown [s\open\src\hotspot\share\interpreter\linkResolver.cpp, line 759]
Event: 3.101 Thread 0x000001d9cadb8d40 Exception <a 'java/lang/NoSuchMethodError'{0x00000000c65073d0}: 'java.lang.Object java.lang.invoke.DirectMethodHandle$Holder.invokeSpecial(java.lang.Object, java.lang.Object, long, java.lang.Object, java.lang.Object, java.lang.Object, java.lang.Object, java.lang.Object, java.lang.Object)'> (0x00000000c65073d0) 
thrown [s\open\src\hotspot\share\interpreter\linkResolver.cpp, line 759]
Event: 3.101 Thread 0x000001d9cadb8d40 Exception <a 'java/lang/NoSuchMethodError'{0x00000000c650bef8}: 'java.lang.Object java.lang.invoke.DelegatingMethodHandle$Holder.reinvoke_L(java.lang.Object, long, java.lang.Object, java.lang.Object, java.lang.Object, java.lang.Object, java.lang.Object, java.lang.Object)'> (0x00000000c650bef8) 
thrown [s\open\src\hotspot\share\interpreter\linkResolver.cpp, line 759]
Event: 3.121 Thread 0x000001d9cadb8d40 Implicit null exception at 0x000001d9da210064 to 0x000001d9da21312c
Event: 3.156 Thread 0x000001d9cadb8d40 Exception <a 'java/io/FileNotFoundException'{0x00000000c646b1c0}> (0x00000000c646b1c0) 
thrown [s\open\src\hotspot\share\prims\jni.cpp, line 516]
Event: 3.181 Thread 0x000001d9cadb8d40 Exception <a 'java/lang/NoSuchMethodError'{0x00000000c6206da0}: 'int java.lang.invoke.DirectMethodHandle$Holder.invokeInterface(java.lang.Object, java.lang.Object, java.lang.Object, java.lang.Object)'> (0x00000000c6206da0) 
thrown [s\open\src\hotspot\share\interpreter\linkResolver.cpp, line 759]
Event: 3.238 Thread 0x000001d9cadb8d40 Exception <a 'java/lang/NoSuchMethodError'{0x00000000c89fe7a0}: 'long java.lang.invoke.DirectMethodHandle$Holder.invokeVirtual(java.lang.Object, java.lang.Object)'> (0x00000000c89fe7a0) 
thrown [s\open\src\hotspot\share\interpreter\linkResolver.cpp, line 759]
Event: 3.336 Thread 0x000001d9cadb8d40 Implicit null exception at 0x000001d9da260e73 to 0x000001d9da26105c
Event: 3.340 Thread 0x000001d9cadb8d40 Exception <a 'sun/nio/fs/WindowsException'{0x00000000c83e0a30}> (0x00000000c83e0a30) 
thrown [s\open\src\hotspot\share\prims\jni.cpp, line 516]
Event: 3.868 Thread 0x000001d9cadb8d40 Exception <a 'java/lang/NoSuchMethodError'{0x00000000c857a4e0}: 'int java.lang.invoke.DirectMethodHandle$Holder.invokeStatic(java.lang.Object)'> (0x00000000c857a4e0) 
thrown [s\open\src\hotspot\share\interpreter\linkResolver.cpp, line 759]
Event: 3.912 Thread 0x000001d9cadb8d40 Exception <a 'java/lang/NoSuchMethodError'{0x00000000c849bc38}: 'int java.lang.invoke.DirectMethodHandle$Holder.invokeStaticInit(java.lang.Object, java.lang.Object, java.lang.Object, java.lang.Object)'> (0x00000000c849bc38) 
thrown [s\open\src\hotspot\share\interpreter\linkResolver.cpp, line 759]

VM Operations (20 events):
Event: 3.116 Executing VM operation: HandshakeAllThreads
Event: 3.116 Executing VM operation: HandshakeAllThreads done
Event: 3.152 Executing VM operation: HandshakeAllThreads
Event: 3.152 Executing VM operation: HandshakeAllThreads done
Event: 3.199 Executing VM operation: HandshakeAllThreads
Event: 3.199 Executing VM operation: HandshakeAllThreads done
Event: 3.200 Executing VM operation: HandshakeAllThreads
Event: 3.200 Executing VM operation: HandshakeAllThreads done
Event: 3.203 Executing VM operation: G1CollectForAllocation
Event: 3.214 Executing VM operation: G1CollectForAllocation done
Event: 3.238 Executing VM operation: G1CollectForAllocation
Event: 3.245 Executing VM operation: G1CollectForAllocation done
Event: 3.254 Executing VM operation: HandshakeAllThreads
Event: 3.254 Executing VM operation: HandshakeAllThreads done
Event: 3.336 Executing VM operation: HandshakeAllThreads
Event: 3.337 Executing VM operation: HandshakeAllThreads done
Event: 3.447 Executing VM operation: HandshakeAllThreads
Event: 3.447 Executing VM operation: HandshakeAllThreads done
Event: 3.751 Executing VM operation: G1CollectForAllocation
Event: 3.755 Executing VM operation: G1CollectForAllocation done

Events (20 events):
Event: 3.964 loading class java/net/InetAddress$CachedAddresses done
Event: 3.964 loading class java/net/InetSocketAddress$InetSocketAddressHolder
Event: 3.964 loading class java/net/InetSocketAddress$InetSocketAddressHolder done
Event: 3.964 loading class sun/nio/ch/Net
Event: 3.965 loading class sun/nio/ch/Net done
Event: 3.965 loading class sun/nio/ch/Net$1
Event: 3.965 loading class sun/nio/ch/Net$1 done
Event: 3.965 loading class sun/net/ext/ExtendedSocketOptions
Event: 3.966 loading class sun/net/ext/ExtendedSocketOptions done
Event: 3.966 loading class jdk/net/ExtendedSocketOptions
Event: 3.966 loading class jdk/net/ExtendedSocketOptions done
Event: 3.966 loading class jdk/net/ExtendedSocketOptions$ExtSocketOption
Event: 3.966 loading class jdk/net/ExtendedSocketOptions$ExtSocketOption done
Event: 3.966 loading class jdk/net/UnixDomainPrincipal
Event: 3.967 loading class jdk/net/UnixDomainPrincipal done
Event: 3.967 loading class jdk/net/ExtendedSocketOptions$PlatformSocketOptions
Event: 3.967 loading class jdk/net/ExtendedSocketOptions$PlatformSocketOptions done
Event: 3.967 loading class jdk/net/ExtendedSocketOptions$PlatformSocketOptions$1
Event: 3.967 loading class jdk/net/ExtendedSocketOptions$PlatformSocketOptions$1 done
Event: 3.967 loading class jdk/net/ExtendedSocketOptions$1


Dynamic libraries:
0x00007ff7a67a0000 - 0x00007ff7a67b0000 	C:\Program Files\Java\jdk-17\bin\java.exe
0x00007ff939c30000 - 0x00007ff939e48000 	C:\WINDOWS\SYSTEM32\ntdll.dll
0x00007ff9387d0000 - 0x00007ff938894000 	C:\WINDOWS\System32\KERNEL32.DLL
0x00007ff936f50000 - 0x00007ff937323000 	C:\WINDOWS\System32\KERNELBASE.dll
0x00007ff937560000 - 0x00007ff937671000 	C:\WINDOWS\System32\ucrtbase.dll
0x00007ff926880000 - 0x00007ff92689b000 	C:\Program Files\Java\jdk-17\bin\VCRUNTIME140.dll
0x00007ff911f10000 - 0x00007ff911f29000 	C:\Program Files\Java\jdk-17\bin\jli.dll
0x00007ff938f80000 - 0x00007ff939031000 	C:\WINDOWS\System32\ADVAPI32.dll
0x00007ff938300000 - 0x00007ff9383a7000 	C:\WINDOWS\System32\msvcrt.dll
0x00007ff938660000 - 0x00007ff938708000 	C:\WINDOWS\System32\sechost.dll
0x00007ff937730000 - 0x00007ff937758000 	C:\WINDOWS\System32\bcrypt.dll
0x00007ff9394c0000 - 0x00007ff9395d8000 	C:\WINDOWS\System32\RPCRT4.dll
0x00007ff939750000 - 0x00007ff939902000 	C:\WINDOWS\System32\USER32.dll
0x00007ff937680000 - 0x00007ff9376a6000 	C:\WINDOWS\System32\win32u.dll
0x00007ff939b90000 - 0x00007ff939bb9000 	C:\WINDOWS\System32\GDI32.dll
0x00007ff936d10000 - 0x00007ff936e2b000 	C:\WINDOWS\System32\gdi32full.dll
0x00007ff936eb0000 - 0x00007ff936f4a000 	C:\WINDOWS\System32\msvcp_win.dll
0x00007ff92d4e0000 - 0x00007ff92d4ea000 	C:\WINDOWS\SYSTEM32\VERSION.dll
0x00007ff936070000 - 0x00007ff93630c000 	C:\WINDOWS\WinSxS\amd64_microsoft.windows.common-controls_6595b64144ccf1df_6.0.22621.6060_none_2712eda17382d24b\COMCTL32.dll
0x00007ff938710000 - 0x00007ff938741000 	C:\WINDOWS\System32\IMM32.DLL
0x00007ff92f6b0000 - 0x00007ff92f6bc000 	C:\Program Files\Java\jdk-17\bin\vcruntime140_1.dll
0x00007ff8cdd40000 - 0x00007ff8cddce000 	C:\Program Files\Java\jdk-17\bin\msvcp140.dll
0x00007ff86a000000 - 0x00007ff86abe0000 	C:\Program Files\Java\jdk-17\bin\server\jvm.dll
0x00007ff939660000 - 0x00007ff939668000 	C:\WINDOWS\System32\PSAPI.DLL
0x00007ff92d530000 - 0x00007ff92d564000 	C:\WINDOWS\SYSTEM32\WINMM.dll
0x00007ff908500000 - 0x00007ff908509000 	C:\WINDOWS\SYSTEM32\WSOCK32.dll
0x00007ff9395e0000 - 0x00007ff939651000 	C:\WINDOWS\System32\WS2_32.dll
0x00007ff935460000 - 0x00007ff935478000 	C:\WINDOWS\SYSTEM32\kernel.appcore.dll
0x00007ff926870000 - 0x00007ff92687a000 	C:\Program Files\Java\jdk-17\bin\jimage.dll
0x00007ff936670000 - 0x00007ff9368a3000 	C:\WINDOWS\SYSTEM32\DBGHELP.DLL
0x00007ff938900000 - 0x00007ff938c91000 	C:\WINDOWS\System32\combase.dll
0x00007ff939670000 - 0x00007ff939748000 	C:\WINDOWS\System32\OLEAUT32.dll
0x00007ff936510000 - 0x00007ff936542000 	C:\WINDOWS\SYSTEM32\dbgcore.DLL
0x00007ff936e30000 - 0x00007ff936eab000 	C:\WINDOWS\System32\bcryptPrimitives.dll
0x00007ff917b90000 - 0x00007ff917bb5000 	C:\Program Files\Java\jdk-17\bin\java.dll
0x00007ff8f2270000 - 0x00007ff8f2347000 	C:\Program Files\Java\jdk-17\bin\jsvml.dll
0x00007ff937a60000 - 0x00007ff9382fc000 	C:\WINDOWS\System32\SHELL32.dll
0x00007ff937760000 - 0x00007ff93789f000 	C:\WINDOWS\System32\wintypes.dll
0x00007ff9341d0000 - 0x00007ff934aea000 	C:\WINDOWS\SYSTEM32\windows.storage.dll
0x00007ff938e70000 - 0x00007ff938f74000 	C:\WINDOWS\System32\SHCORE.dll
0x00007ff938440000 - 0x00007ff9384a9000 	C:\WINDOWS\System32\shlwapi.dll
0x00007ff936c40000 - 0x00007ff936c65000 	C:\WINDOWS\SYSTEM32\profapi.dll
0x00007ff918450000 - 0x00007ff918469000 	C:\Program Files\Java\jdk-17\bin\net.dll
0x00007ff930480000 - 0x00007ff9305ac000 	C:\WINDOWS\SYSTEM32\WINHTTP.dll
0x00007ff9358e0000 - 0x00007ff935949000 	C:\WINDOWS\system32\mswsock.dll
0x00007ff917b50000 - 0x00007ff917b66000 	C:\Program Files\Java\jdk-17\bin\nio.dll
0x00007ff9168d0000 - 0x00007ff9168e8000 	C:\Program Files\Java\jdk-17\bin\zip.dll
0x00007ff914ba0000 - 0x00007ff914bae000 	C:\Program Files\Java\jdk-17\bin\sunmscapi.dll
0x00007ff9373f0000 - 0x00007ff937558000 	C:\WINDOWS\System32\CRYPT32.dll
0x00007ff935f50000 - 0x00007ff935f7e000 	C:\WINDOWS\SYSTEM32\ncrypt.dll
0x00007ff935f10000 - 0x00007ff935f47000 	C:\WINDOWS\SYSTEM32\NTASN1.dll
0x00007ff9369b0000 - 0x00007ff9369cb000 	C:\WINDOWS\SYSTEM32\CRYPTSP.dll
0x00007ff935cd0000 - 0x00007ff935d07000 	C:\WINDOWS\system32\rsaenh.dll
0x00007ff935950000 - 0x00007ff935978000 	C:\WINDOWS\SYSTEM32\USERENV.dll
0x00007ff935cc0000 - 0x00007ff935ccc000 	C:\WINDOWS\SYSTEM32\CRYPTBASE.dll
0x00007ff934f30000 - 0x00007ff934f5d000 	C:\WINDOWS\SYSTEM32\IPHLPAPI.DLL
0x00007ff938e40000 - 0x00007ff938e49000 	C:\WINDOWS\System32\NSI.dll
0x00007ff9301e0000 - 0x00007ff9301f9000 	C:\WINDOWS\SYSTEM32\dhcpcsvc6.DLL
0x00007ff930000000 - 0x00007ff93001f000 	C:\WINDOWS\SYSTEM32\dhcpcsvc.DLL
0x00007ff934fa0000 - 0x00007ff935098000 	C:\WINDOWS\SYSTEM32\DNSAPI.dll
0x00007ff936590000 - 0x00007ff93659a000 	C:\Program Files\Java\jdk-17\bin\management.dll
0x00007ff915ce0000 - 0x00007ff915ceb000 	C:\Program Files\Java\jdk-17\bin\management_ext.dll
0x00007ff919e90000 - 0x00007ff919ea0000 	C:\Program Files\Java\jdk-17\bin\verify.dll
0x00007ff92d4d0000 - 0x00007ff92d4da000 	C:\Windows\System32\rasadhlp.dll
0x00007ff92f7b0000 - 0x00007ff92f834000 	C:\WINDOWS\System32\fwpuclnt.dll

dbghelp: loaded successfully - version: 4.0.5 - missing functions: none
symbol engine: initialized successfully - sym options: 0x614 - pdb path: .;C:\Program Files\Java\jdk-17\bin;C:\WINDOWS\SYSTEM32;C:\WINDOWS\WinSxS\amd64_microsoft.windows.common-controls_6595b64144ccf1df_6.0.22621.6060_none_2712eda17382d24b;C:\Program Files\Java\jdk-17\bin\server

VM Arguments:
jvm_args: -XX:+ShowCodeDetailsInExceptionMessages 
java_command: com.incidents.ms5.notifications.NotificationsApplication
java_class_path (initial): C:\Users\MICRO\Desktop\Projet_MS5\notifications\target\classes;C:\Users\MICRO\.m2\repository\org\springframework\boot\spring-boot-starter-web\3.2.4\spring-boot-starter-web-3.2.4.jar;C:\Users\MICRO\.m2\repository\org\springframework\boot\spring-boot-starter\3.2.4\spring-boot-starter-3.2.4.jar;C:\Users\MICRO\.m2\repository\org\springframework\boot\spring-boot\3.2.4\spring-boot-3.2.4.jar;C:\Users\MICRO\.m2\repository\org\springframework\boot\spring-boot-autoconfigure\3.2.4\spring-boot-autoconfigure-3.2.4.jar;C:\Users\MICRO\.m2\repository\org\springframework\boot\spring-boot-starter-logging\3.2.4\spring-boot-starter-logging-3.2.4.jar;C:\Users\MICRO\.m2\repository\ch\qos\logback\logback-classic\1.4.14\logback-classic-1.4.14.jar;C:\Users\MICRO\.m2\repository\ch\qos\logback\logback-core\1.4.14\logback-core-1.4.14.jar;C:\Users\MICRO\.m2\repository\org\apache\logging\log4j\log4j-to-slf4j\2.21.1\log4j-to-slf4j-2.21.1.jar;C:\Users\MICRO\.m2\repository\org\apache\logging\log4j\log4j-api\2.21.1\log4j-api-2.21.1.jar;C:\Users\MICRO\.m2\repository\org\slf4j\jul-to-slf4j\2.0.12\jul-to-slf4j-2.0.12.jar;C:\Users\MICRO\.m2\repository\jakarta\annotation\jakarta.annotation-api\2.1.1\jakarta.annotation-api-2.1.1.jar;C:\Users\MICRO\.m2\repository\org\yaml\snakeyaml\2.2\snakeyaml-2.2.jar;C:\Users\MICRO\.m2\repository\org\springframework\boot\spring-boot-starter-json\3.2.4\spring-boot-starter-json-3.2.4.jar;C:\Users\MICRO\.m2\repository\com\fasterxml\jackson\core\jackson-databind\2.15.4\jackson-databind-2.15.4.jar;C:\Users\MICRO\.m2\repository\com\fasterxml\jackson\core\jackson-annotations\2.15.4\jackson-annotations-2.15.4.jar;C:\Users\MICRO\.m2\repository\com\fasterxml\jackson\core\jackson-core\2.15.4\jackson-core-2.15.4.jar;C:\Users\MICRO\.m2\repository\com\fasterxml\jackson\datatype\jackson-datatype-jdk8\2.15.4\jackson-datatype-jdk8-2.15.4.jar;C:\Users\MICRO\.m2\repository\com\fasterxml\jackson\datatype\jackson-datatype-jsr310\2.15.4\jackson-datatype-jsr310-2.
Launcher Type: SUN_STANDARD

[Global flags]
     intx CICompilerCount                          = 4                                         {product} {ergonomic}
     uint ConcGCThreads                            = 2                                         {product} {ergonomic}
     uint G1ConcRefinementThreads                  = 8                                         {product} {ergonomic}
   size_t G1HeapRegionSize                         = 1048576                                   {product} {ergonomic}
    uintx GCDrainStackTargetSize                   = 64                                        {product} {ergonomic}
   size_t InitialHeapSize                          = 62914560                                  {product} {ergonomic}
   size_t MarkStackSize                            = 4194304                                   {product} {ergonomic}
   size_t MaxHeapSize                              = 991952896                                 {product} {ergonomic}
   size_t MaxNewSize                               = 594542592                                 {product} {ergonomic}
   size_t MinHeapDeltaBytes                        = 1048576                                   {product} {ergonomic}
   size_t MinHeapSize                              = 8388608                                   {product} {ergonomic}
    uintx NonNMethodCodeHeapSize                   = 5839372                                {pd product} {ergonomic}
    uintx NonProfiledCodeHeapSize                  = 122909434                              {pd product} {ergonomic}
    uintx ProfiledCodeHeapSize                     = 122909434                              {pd product} {ergonomic}
    uintx ReservedCodeCacheSize                    = 251658240                              {pd product} {ergonomic}
     bool SegmentedCodeCache                       = true                                      {product} {ergonomic}
     bool ShowCodeDetailsInExceptionMessages       = true                                   {manageable} {command line}
   size_t SoftMaxHeapSize                          = 991952896                              {manageable} {ergonomic}
     bool UseCompressedClassPointers               = true                           {product lp64_product} {ergonomic}
     bool UseCompressedOops                        = true                           {product lp64_product} {ergonomic}
     bool UseG1GC                                  = true                                      {product} {ergonomic}
     bool UseLargePagesIndividualAllocation        = false                                  {pd product} {ergonomic}

Logging:
Log output configuration:
 #0: stdout all=warning uptime,level,tags
 #1: stderr all=off uptime,level,tags

Environment Variables:
JAVA_HOME=C:\Program Files\Java\jdk-17\
PATH=C:\Users\MICRO\AppData\Local\Programs\Microsoft VS Code;C:\Program Files\Common Files\Oracle\Java\javapath;C:\Program Files (x86)\Common Files\Oracle\Java\javapath;C:\Program Files (x86)\VMware\VMware Workstation\bin\;C:\app\MICRO\product\21c\dbhomeXE\bin;C:\WINDOWS\system32;C:\WINDOWS;C:\WINDOWS\System32\Wbem;C:\WINDOWS\System32\WindowsPowerShell\v1.0\;C:\WINDOWS\System32\OpenSSH\;C:\Program Files (x86)\dotnet\;C:\Program Files\nodejs\;C:\ProgramData\ComposerSetup\bin;C:\Program Files\Git\cmd;C:\Python\Python311\Scripts\;C:\Python\Python311\;C:\Users\MICRO\AppData\Local\Microsoft\WindowsApps;C:\Users\MICRO\AppData\Local\Programs\Microsoft VS Code\bin;C:\Users\MICRO\AppData\Roaming\npm;C:\Users\MICRO\AppData\Roaming\Composer\vendor\bin;C:\Program Files (x86)\Microsoft SQL Server\160\Tools\Binn\;C:\Program Files\Microsoft SQL Server\160\Tools\Binn\;C:\Program Files\Microsoft SQL Server\Client SDK\ODBC\170\Tools\Binn\;C:\Program Files\Microsoft SQL Server\160\DTS\Binn\;C:\Program Files\Docker\Docker\resources\bin;C:\Program Files\Cloudflare\Cloudflare WARP\;C:\Users\MICRO\AppData\Local\Programs\Python\Python313\Scripts\;C:\Users\MICRO\AppData\Local\Programs\Python\Python313\;C:\Python\Python311\Scripts\;C:\Python\Python311\;C:\Users\MICRO\AppData\Local\Microsoft\WindowsApps;C:\Users\MICRO\AppData\Local\Programs\Microsoft VS Code\bin;C:\Users\MICRO\AppData\Roaming\npm;C:\Users\MICRO\AppData\Roaming\Composer\vendor\bin;C:\Users\MICRO\Downloads\kafka\bin;C:\Program Files\Java\jdk-17\\bin;c:\Users\MICRO\.vscode\extensions\vscjava.vscode-java-debug-0.58.5\bundled\scripts\noConfigScripts
USERNAME=MICRO
LANG=en_US.UTF-8
OS=Windows_NT
PROCESSOR_IDENTIFIER=Intel64 Family 6 Model 140 Stepping 1, GenuineIntel



---------------  S Y S T E M  ---------------

OS:
 Windows 11 , 64 bit Build 22621 (10.0.22621.5415)
OS uptime: 2 days 16:30 hours
Hyper-V role detected

CPU: total 8 (initial active 8) (4 cores per cpu, 2 threads per core) family 6 model 140 stepping 1 microcode 0xbe, cx8, cmov, fxsr, ht, mmx, 3dnowpref, sse, sse2, sse3, ssse3, sse4.1, sse4.2, popcnt, lzcnt, tsc, tscinvbit, avx, avx2, aes, erms, clmul, bmi1, bmi2, adx, avx512f, avx512dq, avx512cd, avx512bw, avx512vl, sha, fma, vzeroupper, avx512_vpopcntdq, avx512_vpclmulqdq, avx512_vaes, avx512_vnni, clflush, clflushopt, clwb, avx512_vbmi2, avx512_vbmi, hv

Memory: 4k page, system-wide physical 3776M (26M free)
TotalPageFile size 15552M (AvailPageFile size 2M)
current process WorkingSet (physical memory assigned to process): 177M, peak: 177M
current process commit charge ("private bytes"): 217M, peak: 218M

vm_info: Java HotSpot(TM) 64-Bit Server VM (17.0.12+8-LTS-286) for windows-amd64 JRE (17.0.12+8-LTS-286), built on Jun  5 2024 06:46:59 by "mach5one" with MS VC++ 17.6 (VS2022)

END.
